	Command being timed: "python3 contrail_avoidance_regression_ml_jul12.py"
	User time (seconds): 612.20
	System time (seconds): 3.36
	Percent of CPU this job got: 819%
	Elapsed (wall clock) time (h:mm:ss or m:ss): 1:15.07
	Average shared text size (kbytes): 0
	Average unshared data size (kbytes): 0
	Average stack size (kbytes): 0
	Average total size (kbytes): 0
	Maximum resident set size (kbytes): 602004
	Average resident set size (kbytes): 0
	Major (requiring I/O) page faults: 198
	Minor (reclaiming a frame) page faults: 321540
	Voluntary context switches: 25677
	Involuntary context switches: 393083
	Swaps: 0
	File system inputs: 543048
	File system outputs: 85032
	Socket messages sent: 0
	Socket messages received: 0
	Signals delivered: 0
	Page size (bytes): 4096
	Exit status: 0
